// Jest Snapshot v1, https://goo.gl/fbAQLP

exports[`test Circle suite renders correctly 1`] = `
<div
  className="circle_default"
>
  
</div>
`;
